// Jest Snapshot v1, https://goo.gl/fbAQLP

exports[`renders properly 1`] = `
<div
  className="productContainer"
>
  <div
    className="loadingContainer"
  >
    <div
      className="customLoader"
    />
  </div>
</div>
`;
