// Jest Snapshot v1, https://goo.gl/fbAQLP

exports[`renders properly 1`] = `
<div
  className="loadingHome"
>
  <div
    className="Loader"
  />
</div>
`;
